<h1>Neu option data</h1><p>Hello world!</p><span>Param[a]: 10</span><span>Param[b]: abc</span>
<h1>Neu option data</h1><p>Hello world!</p><span>Param[a]: 20</span><span>Param[b]: def</span>