<p>Hello World!</p><img class="image" src="/assets/images/image.697ef306.png" srcset="/assets/images/image1.697ef306.png 80w, /assets/images/image2.697ef306.png 90w" alt="photo">