<html><head><link href="/styles.css" rel="stylesheet"><script src="/main.js"></script></head><body><p>Hello World!</p><img class="a" src="/assets/img/image.697ef306.png" srcset="/assets/img/image1.697ef306.png 80w, /assets/img/image2.697ef306.png 90w"><img class="b" src="/assets/img/image.697ef306.png"><img class="c" src="/assets/img/image.697ef306.png" alt="logo-b"><img class="d1" src="/assets/img/image1.697ef306.png"><img class="e1" src="/assets/img/image1.697ef306.png"><img class="e2" src="/assets/img/image2.697ef306.png"><img class="f1" src="/assets/img/image1.697ef306.png"><img class="f1" src="/assets/img/image2.697ef306.png"><img class="f2" src="/assets/img/image1.697ef306.png" alt="apple"><img class="f2" src="/assets/img/image2.697ef306.png" alt="sony"><img class="f3" src="/assets/img/image1.697ef306.png" alt="apple"><img class="f3" src="/assets/img/image2.697ef306.png" alt="sony"><img class="g-1" src="/assets/img/image.697ef306.png"><img class="g-2" src="/assets/img/image.697ef306.png"><div class="images"><img class="h1" src="/assets/img/image1.697ef306.png"><img class="h2" src="/assets/img/image2.697ef306.png"></div><img class="j1" src="/assets/img/image1.697ef306.png"><img class="j2" src="/assets/img/image2.697ef306.png"><code>img(src=require('./image.png')).h</code></body></html>