<!DOCTYPE html><html lang="en"><head><title></title></head></html><body><img src="assets/images/image.697ef306.png"><div>key: item1</div><div class="value1">AAA</div><div class="value2">AAA</div><div class="value3 AAA"></div><div class="value4">abc_123</div><b class="val">123</b><b class="func-res">abc_123</b></body>