<!DOCTYPE html><html><head><link rel="preload" href="/assets/fonts/ibm-plex-sans-v7-latin-regular.woff2" as="font" type="font/woff2" crossorigin></head><body><p>Hello World!</p><img src="/assets/images/image.697ef306.png"></body></html>