<p>require-include-mixin</p><p>test</p><img src="assets/images/image.697ef306.png">