<h1>Hello World!</h1><p>text</p><div><p>text</p><p>text</p></div><div>block</div>