<h1>Hello world!</h1><img src="assets/images/image.697ef306.png"><p>"double quotes"</p><p>'single quotes'</p><p>`backtick`</p><p>Newline string,
next newline
</p><p>Add strings:string1 with |
string2 with |</p>