<div class="title">About</div><div class="teaser">Teaser of about page.</div><div class="description">About custom data.</div><img src="assets/images/image.697ef306.png">