<div class="title">Home</div><div class="teaser">Teaser of home page.</div><div class="description">Home custom data.</div><img src="assets/images/image.697ef306.png">