<!DOCTYPE html><html lang="en"><head><script async src="https://www.googletagmanager.com/gtag/js?id=AW-xxxxxxxxx"></script><script>window.dataLayer = window.dataLayer || [];function gtag() {  dataLayer.push(arguments);}gtag('js', new Date());gtag('config', 'AW-xxxxxxxxx');</script></head><body><h1>Hello World!</h1></body></html>