<h1>Hello!</h1><p>../images/image.png</p><img src="assets/images/image.697ef306.png"><p>Images/image.png</p><img src="assets/images/image.697ef306.png"><p>&quot;Images/&quot; + file2</p><img src="assets/images/image2.697ef306.png"><p>`Images/${file2}`</p><img src="assets/images/image2.697ef306.png"><p>Hello green (#0f0)!</p><div class="first"><i>red</i><i>green</i><i>blue</i></div><div class="second"><h3>Red Green Blue</h3><i>red</i><i>green</i><i>blue</i><h3>Rose Violet Azure</h3><i>rose</i><i>violet</i><i>azure</i></div>