<p>Hello World!</p><img class="a" src="/assets/images/image.697ef306.png"><img class="b" srcset="/assets/images/image1.697ef306.png 80w, /assets/images/image2.697ef306.png 90w" src="/assets/images/image.697ef306.png">