<img class="logo-a" src="assets/img/image.697ef306.png" alt="logo-a"><img class="logo-b" src="assets/img/image.697ef306.png" alt="logo-b">