<h1>Hello Pug!</h1><p class="context-js"><code class="lang">console.log('>> alias to main.js');</code></p><p class="file-js"><code class="lang">console.log('>> script.js');</code></p><p class="file-pug-with-ext"><code class="lang">p Pug demo</code></p><p class="file-pug-wo-ext"><code class="lang">p Pug demo</code></p><p class="alias-context"><code class="lang">text file</code></p><p class="alias-context-file-txt"><code class="lang">text file</code></p><p class="alias-external-file-txt"><code class="lang">fixture text file</code></p><p class="prefix0-alias-file-txt"><code class="lang">text file</code></p><p class="prefix1-alias-file-txt"><code class="lang">text file</code></p><p class="prefix0-alias-file-js"><code class="lang">console.log('>> alias to main.js');</code></p><p class="prefix1-alias-file-js"><code class="lang">console.log('>> alias to main.js');</code></p><p class="prefix2-alias-file-js"><code class="lang">console.log('>> alias to main.js');</code></p><script src="assets/main.js"></script><script src="assets/vendor.js"></script>