<!DOCTYPE html5><html><body><img src="image1.png"/><img src="image2.png"/></body></html>