<!DOCTYPE html><html><head><script src="/assets/file1.034defc3.js"></script><script src="/assets/file2.e5c7f644.js"></script><script src="/assets/file3.f1b372d2.js"></script><script src="/assets/file4.daa27ac4.js"></script><script src="/assets/file5.c863871f.js"></script><script src="/assets/index.1.704c2fb6.js"></script></head><body><h1>Hello Pug!</h1></body></html>