<h1>Hello!</h1><span>Param[a]: 7</span><span>Param[b]: zzz</span><img src="assets/images/image.697ef306.png"><img src="assets/images/image2.697ef306.png"><h1>Hello!</h1><span>Param[a]: 10</span><span>Param[b]: xyz</span><img src="assets/images/image.697ef306.png"><img src="assets/images/image2.697ef306.png"><h1>Hello!</h1><span>Param[a]: 20</span><span>Param[b]: zzz</span><img src="assets/images/image.697ef306.png"><img src="assets/images/image2.697ef306.png">