<h1>Pug template</h1><h2>Include A</h2><div class="widget test-widget"><span>Pug widget</span><div class="content"><div class="text">Hello World!</div></div></div>