<p>require-string</p><img class="a1" src="assets/images/image.697ef306.png"><img class="a2" src="assets/images/image.697ef306.png"><img class="a3" src="assets/images/image.697ef306.png">