<!DOCTYPE html><html><head><script src="/assets/main.68b4f58e.js"></script><script src="/assets/file1.6eb4f2fc.js"></script><script src="/assets/file2.f8c212fc.js"></script><script src="/assets/file3.384f09e0.js"></script><script src="/assets/file4.69721449.js"></script><script src="/assets/file5.ed2915e4.js"></script></head><body><h1>Hello Pug!</h1></body></html>