<p>require-variable-sub-dir</p><img class="a1" src="assets/images/image.697ef306.png"><img class="b1" src="assets/images/image.697ef306.png"><img class="c1" src="assets/images/image.697ef306.png"><img class="c2" src="assets/images/image.697ef306.png">