<h1>Hello!</h1><span>Param[a]: 7</span><span>Param[b]: yyy</span><img src="assets/images/image.697ef306.png">