<h1>Hello World!</h1><link rel="stylesheet" href="/absolute/assets/styles2.css"><img class="a1" src="relative/assets/image2.png"><link rel="stylesheet" href="assets/css/styles.90884336.css"><img class="a2" src="assets/images/image.697ef306.png"><img class="b1" src="assets/images/image.697ef306.png"><img class="b2" src="assets/images/image.697ef306.png"><img class="b3" src="assets/images/image2.697ef306.png">