<!DOCTYPE html><html></html><head><meta name="keywords" content="webpack, pug, loader"></head><body><h1>Startpage</h1><p>Hello Max Mustermann!</p></body>