<!DOCTYPE html><html><head><link rel="stylesheet" href="/assets/css/styles.96bff96d.css"><script src="/assets/js/common.64204441.js"></script></head><body><h1>Hello World!</h1><img src="/assets/img/image.697ef306.png"><script src="/assets/js/main.5317c1f6.js"></script></body></html>