<p>require-variable-current-dir</p><img class="a1" src="assets/images/image.697ef306.png"><img class="a2" src="assets/images/image.697ef306.png"><img class="a3" src="assets/images/image.697ef306.png"><img class="a4" src="assets/images/image.697ef306.png"><img class="a5" src="assets/images/image.697ef306.png"><img class="b1" src="assets/images/image.697ef306.png">