<h1>Hello World!</h1><link rel="stylesheet" href="/absolute/assets/styles2.css"><img src="relative/assets/image2.png"><link rel="stylesheet" href="/assets/css/styles.02325c3c.css"><img src="/assets/images/image.697ef306.png">