<img src="/assets/images/image.697ef306.png"><img class="prefix" src="/assets/images/logo.697ef306.png"><img class="char" src="/assets/images/logo.697ef306.png"><img class="a1" src="/assets/images/logo-a1.697ef306.png"><img class="a2" src="/assets/images/logo-a2.697ef306.png"><img class="a3" src="/assets/images/logo-a3.697ef306.png"><img class="b1" src="/assets/images/logo-b1.697ef306.png"><img class="b2" src="/assets/images/logo-b2.697ef306.png"><img class="b3" src="/assets/images/logo-b3.697ef306.png"><img class="bc1" src="/assets/images/logo-b1.697ef306.png"><img class="bc2" src="/assets/images/logo-b2.697ef306.png"><img class="bc3" src="/assets/images/logo-b3.697ef306.png"><img class="c1" src="/assets/images/logo-c1.697ef306.png"><img class="c2" src="/assets/images/logo-c2.697ef306.png"><img class="c3" src="/assets/images/logo-c3.697ef306.png"><img class="d1" src="/assets/images/logo-d1.697ef306.png"><img class="d2" src="/assets/images/logo-d2.697ef306.png"><img class="d3" src="/assets/images/logo-d3.697ef306.png">